::1 - - [14/Jan/2025:07:27:04 +0000] "GET /initiate HTTP/1.1" 404 147 "-" "PostmanRuntime/7.43.0"
::1 - - [14/Jan/2025:09:01:07 +0000] "POST /initiate HTTP/1.1" 201 213 "-" "PostmanRuntime/7.43.0"
::1 - - [14/Jan/2025:09:05:47 +0000] "GET /availablechats?docId=doctor123&userId=Alice HTTP/1.1" - - "-" "PostmanRuntime/7.43.0"
::1 - - [14/Jan/2025:09:06:34 +0000] "GET /availablechats?docId=doctor123&userId=Alice HTTP/1.1" - - "-" "PostmanRuntime/7.43.0"
::1 - - [14/Jan/2025:09:07:22 +0000] "GET /send HTTP/1.1" 404 143 "-" "PostmanRuntime/7.43.0"
::1 - - [14/Jan/2025:09:11:31 +0000] "POST /initiate HTTP/1.1" 201 214 "-" "PostmanRuntime/7.43.0"
::1 - - [14/Jan/2025:09:11:42 +0000] "POST /send HTTP/1.1" 201 458 "-" "PostmanRuntime/7.43.0"
::1 - - [14/Jan/2025:09:12:49 +0000] "POST /send HTTP/1.1" 201 586 "-" "PostmanRuntime/7.43.0"
::1 - - [14/Jan/2025:09:13:49 +0000] "POST /initiate HTTP/1.1" 201 214 "-" "PostmanRuntime/7.43.0"
::1 - - [14/Jan/2025:09:16:19 +0000] "POST /send HTTP/1.1" 201 341 "-" "PostmanRuntime/7.43.0"
::1 - - [14/Jan/2025:09:16:48 +0000] "POST /send HTTP/1.1" 201 461 "-" "PostmanRuntime/7.43.0"
::1 - - [14/Jan/2025:09:17:57 +0000] "POST /initiate HTTP/1.1" 201 202 "-" "PostmanRuntime/7.43.0"
::1 - - [14/Jan/2025:09:18:18 +0000] "POST /initiate HTTP/1.1" 201 206 "-" "PostmanRuntime/7.43.0"
::1 - - [14/Jan/2025:09:19:38 +0000] "POST /send HTTP/1.1" 201 308 "-" "PostmanRuntime/7.43.0"
::1 - - [14/Jan/2025:09:20:05 +0000] "POST /initiate HTTP/1.1" 201 207 "-" "PostmanRuntime/7.43.0"
::1 - - [14/Jan/2025:09:20:32 +0000] "POST /initiate HTTP/1.1" 201 202 "-" "PostmanRuntime/7.43.0"
::1 - - [14/Jan/2025:09:40:24 +0000] "POST /send HTTP/1.1" 201 306 "-" "PostmanRuntime/7.43.0"
::1 - - [14/Jan/2025:09:40:50 +0000] "POST /send HTTP/1.1" 201 427 "-" "PostmanRuntime/7.43.0"
::1 - - [14/Jan/2025:09:41:01 +0000] "POST /send HTTP/1.1" 201 544 "-" "PostmanRuntime/7.43.0"
::1 - - [14/Jan/2025:09:41:10 +0000] "POST /send HTTP/1.1" 201 664 "-" "PostmanRuntime/7.43.0"
::1 - - [14/Jan/2025:09:41:49 +0000] "POST /send HTTP/1.1" 201 328 "-" "PostmanRuntime/7.43.0"
::1 - - [14/Jan/2025:09:42:08 +0000] "POST /send HTTP/1.1" 201 446 "-" "PostmanRuntime/7.43.0"
::1 - - [14/Jan/2025:09:42:24 +0000] "POST /send HTTP/1.1" 201 579 "-" "PostmanRuntime/7.43.0"
::1 - - [14/Jan/2025:09:42:39 +0000] "POST /send HTTP/1.1" 201 709 "-" "PostmanRuntime/7.43.0"
::1 - - [14/Jan/2025:09:44:09 +0000] "GET /availablechats?docId=123&userId=1234 HTTP/1.1" - - "-" "PostmanRuntime/7.43.0"
::1 - - [14/Jan/2025:09:48:03 +0000] "GET /availablechats?docId=123&userId=1234 HTTP/1.1" 201 661 "-" "PostmanRuntime/7.43.0"
::1 - - [14/Jan/2025:09:48:15 +0000] "GET /availablechats?docId=123&userId=12345 HTTP/1.1" 201 15 "-" "PostmanRuntime/7.43.0"
::1 - - [14/Jan/2025:09:48:41 +0000] "GET /availablechats?docId=123&userId=1234 HTTP/1.1" 201 661 "-" "PostmanRuntime/7.43.0"
::1 - - [14/Jan/2025:09:48:47 +0000] "GET /availablechats?docId=123&userId=12345 HTTP/1.1" 404 15 "-" "PostmanRuntime/7.43.0"
::1 - - [14/Jan/2025:09:48:52 +0000] "GET /availablechats?docId=123&userId=1234 HTTP/1.1" 201 661 "-" "PostmanRuntime/7.43.0"
::1 - - [14/Jan/2025:09:48:57 +0000] "GET /availablechats?docId=12345&userId=1234 HTTP/1.1" 404 15 "-" "PostmanRuntime/7.43.0"
::1 - - [14/Jan/2025:09:49:17 +0000] "GET /availablechats?docId=123456&userId=12345 HTTP/1.1" 201 709 "-" "PostmanRuntime/7.43.0"
